{
  "method": "Production Overview via normal Prologue flow. FitMate Focus via development-only isolated WorldScene fixture. No unlock-rule or app timer overrides.",
  "desktopOverview": {
    "url": "http://localhost:3033/",
    "width": 1440,
    "height": 900,
    "camera": "OVERVIEW",
    "focused": "false",
    "islands": [
      {
        "id": "harubareun",
        "status": "available",
        "loaded": true,
        "raster": {
          "x": 156.65625,
          "y": 189.0625,
          "width": 398.765625,
          "height": 224.15625,
          "top": 189.0625,
          "right": 555.421875,
          "bottom": 413.21875,
          "left": 156.65625
        },
        "visibleArt": {
          "x": 224.9864013671875,
          "y": 197.98723958333335,
          "width": 261.8976318359375,
          "height": 206.09921874999998
        },
        "filter": "none",
        "opacity": "1",
        "label": {
          "x": 263.28125,
          "y": 128.8671875,
          "width": 175.4375,
          "height": 75.265625,
          "top": 128.8671875,
          "right": 438.71875,
          "bottom": 204.1328125,
          "left": 263.28125
        }
      },
      {
        "id": "project-02",
        "status": "locked",
        "loaded": true,
        "raster": {
          "x": 873.78125,
          "y": 177.0625,
          "width": 425.90625,
          "height": 239.859375,
          "top": 177.0625,
          "right": 1299.6875,
          "bottom": 416.921875,
          "left": 873.78125
        },
        "visibleArt": {
          "x": 944.987451171875,
          "y": 193.4973090277778,
          "width": 283.49384765625,
          "height": 206.98975694444442
        },
        "filter": "none",
        "opacity": "1",
        "label": {
          "x": 1017.78125,
          "y": 127.0703125,
          "width": 124.4375,
          "height": 69.859375,
          "top": 127.0703125,
          "right": 1142.21875,
          "bottom": 196.9296875,
          "left": 1017.78125
        }
      },
      {
        "id": "fitmate",
        "status": "locked",
        "loaded": true,
        "raster": {
          "x": 509.03125,
          "y": 522.9375,
          "width": 440.8125,
          "height": 247.40625,
          "top": 522.9375,
          "right": 949.84375,
          "bottom": 770.34375,
          "left": 509.03125
        },
        "visibleArt": {
          "x": 602.93349609375,
          "y": 548.3653645833333,
          "width": 253.0080078125,
          "height": 196.5505208333333
        },
        "filter": "none",
        "opacity": "1",
        "label": {
          "x": 642.2265625,
          "y": 478.0703125,
          "width": 155.546875,
          "height": 69.859375,
          "top": 478.0703125,
          "right": 797.7734375,
          "bottom": 547.9296875,
          "left": 642.2265625
        }
      }
    ],
    "overflow": false,
    "targets": [
      {
        "id": "harubareun",
        "disabled": "false",
        "rect": {
          "x": 198,
          "y": 175.5,
          "width": 324,
          "height": 225,
          "top": 175.5,
          "right": 522,
          "bottom": 400.5,
          "left": 198
        }
      },
      {
        "id": "project-02",
        "disabled": "true",
        "rect": {
          "x": 922.5,
          "y": 171,
          "width": 324,
          "height": 225,
          "top": 171,
          "right": 1246.5,
          "bottom": 396,
          "left": 922.5
        }
      },
      {
        "id": "fitmate",
        "disabled": "true",
        "rect": {
          "x": 549,
          "y": 522,
          "width": 342,
          "height": 229.5,
          "top": 522,
          "right": 891,
          "bottom": 751.5,
          "left": 549
        }
      }
    ]
  },
  "buildHover": {
    "url": "http://localhost:3033/",
    "width": 1440,
    "height": 900,
    "camera": "OVERVIEW",
    "focused": "false",
    "islands": [
      {
        "id": "harubareun",
        "status": "available",
        "loaded": true,
        "raster": {
          "x": 156.65625,
          "y": 189.0625,
          "width": 398.765625,
          "height": 224.15625,
          "top": 189.0625,
          "right": 555.421875,
          "bottom": 413.21875,
          "left": 156.65625
        },
        "visibleArt": {
          "x": 224.9864013671875,
          "y": 197.98723958333335,
          "width": 261.8976318359375,
          "height": 206.09921874999998
        },
        "filter": "drop-shadow(rgb(255, 248, 212) 0px 0px 4px)",
        "opacity": "1",
        "label": {
          "x": 263.28125,
          "y": 128.8671875,
          "width": 175.4375,
          "height": 75.265625,
          "top": 128.8671875,
          "right": 438.71875,
          "bottom": 204.1328125,
          "left": 263.28125
        }
      },
      {
        "id": "project-02",
        "status": "locked",
        "loaded": true,
        "raster": {
          "x": 873.78125,
          "y": 177.0625,
          "width": 425.90625,
          "height": 239.859375,
          "top": 177.0625,
          "right": 1299.6875,
          "bottom": 416.921875,
          "left": 873.78125
        },
        "visibleArt": {
          "x": 944.987451171875,
          "y": 193.4973090277778,
          "width": 283.49384765625,
          "height": 206.98975694444442
        },
        "filter": "none",
        "opacity": "1",
        "label": {
          "x": 1017.78125,
          "y": 127.0703125,
          "width": 124.4375,
          "height": 69.859375,
          "top": 127.0703125,
          "right": 1142.21875,
          "bottom": 196.9296875,
          "left": 1017.78125
        }
      },
      {
        "id": "fitmate",
        "status": "locked",
        "loaded": true,
        "raster": {
          "x": 509.03125,
          "y": 522.9375,
          "width": 440.8125,
          "height": 247.40625,
          "top": 522.9375,
          "right": 949.84375,
          "bottom": 770.34375,
          "left": 509.03125
        },
        "visibleArt": {
          "x": 602.93349609375,
          "y": 548.3653645833333,
          "width": 253.0080078125,
          "height": 196.5505208333333
        },
        "filter": "none",
        "opacity": "1",
        "label": {
          "x": 642.2265625,
          "y": 478.0703125,
          "width": 155.546875,
          "height": 69.859375,
          "top": 478.0703125,
          "right": 797.7734375,
          "bottom": 547.9296875,
          "left": 642.2265625
        }
      }
    ],
    "overflow": false,
    "targets": [
      {
        "id": "harubareun",
        "disabled": "false",
        "rect": {
          "x": 198,
          "y": 175.5,
          "width": 324,
          "height": 225,
          "top": 175.5,
          "right": 522,
          "bottom": 400.5,
          "left": 198
        }
      },
      {
        "id": "project-02",
        "disabled": "true",
        "rect": {
          "x": 922.5,
          "y": 171,
          "width": 324,
          "height": 225,
          "top": 171,
          "right": 1246.5,
          "bottom": 396,
          "left": 922.5
        }
      },
      {
        "id": "fitmate",
        "disabled": "true",
        "rect": {
          "x": 549,
          "y": 522,
          "width": 342,
          "height": 229.5,
          "top": 522,
          "right": 891,
          "bottom": 751.5,
          "left": 549
        }
      }
    ]
  },
  "harubareunFocus": {
    "url": "http://localhost:3033/",
    "width": 1440,
    "height": 900,
    "camera": "BUILD_FOCUS",
    "focused": "true",
    "islands": [
      {
        "id": "harubareun",
        "status": "active",
        "loaded": true,
        "raster": {
          "x": 311.937255859375,
          "y": 239.94686889648438,
          "width": 618.086669921875,
          "height": 347.4421691894531,
          "top": 239.94686889648438,
          "right": 930.02392578125,
          "bottom": 587.3890380859375,
          "left": 311.937255859375
        },
        "visibleArt": {
          "x": 417.84898211161294,
          "y": 253.78021452162,
          "width": 405.94129727681474,
          "height": 319.45377222696936
        },
        "filter": "drop-shadow(rgb(247, 244, 204) 0px 0px 5px)",
        "opacity": "1",
        "label": {
          "x": 477.20599365234375,
          "y": 146.64413452148438,
          "width": 271.9281005859375,
          "height": 116.66171264648438,
          "top": 146.64413452148438,
          "right": 749.1340942382812,
          "bottom": 263.30584716796875,
          "left": 477.20599365234375
        }
      },
      {
        "id": "project-02",
        "status": "locked",
        "loaded": true,
        "raster": {
          "x": 1423.48095703125,
          "y": 221.34686279296875,
          "width": 660.154541015625,
          "height": 371.78204345703125,
          "top": 221.34686279296875,
          "right": 2083.635498046875,
          "bottom": 593.12890625,
          "left": 1423.48095703125
        },
        "visibleArt": {
          "x": 1533.8505443573,
          "y": 246.820817622432,
          "width": 439.4153663635254,
          "height": 320.83413379810474
        },
        "filter": "none",
        "opacity": "0.15",
        "label": {
          "x": 1646.680908203125,
          "y": 143.85897827148438,
          "width": 192.878173828125,
          "height": 108.28202819824219,
          "top": 143.85897827148438,
          "right": 1839.55908203125,
          "bottom": 252.14100646972656,
          "left": 1646.680908203125
        }
      },
      {
        "id": "fitmate",
        "status": "locked",
        "loaded": true,
        "raster": {
          "x": 858.1184692382812,
          "y": 757.453125,
          "width": 683.2594604492188,
          "height": 383.479736328125,
          "top": 757.453125,
          "right": 1541.3779296875,
          "bottom": 1140.932861328125,
          "left": 858.1184692382812
        },
        "visibleArt": {
          "x": 1003.6669688860575,
          "y": 796.8663201226128,
          "width": 392.1624611536662,
          "height": 304.6533460828993
        },
        "filter": "none",
        "opacity": "0.15",
        "label": {
          "x": 1064.5711669921875,
          "y": 687.908935546875,
          "width": 241.0977783203125,
          "height": 108.2821044921875,
          "top": 687.908935546875,
          "right": 1305.6689453125,
          "bottom": 796.1910400390625,
          "left": 1064.5711669921875
        }
      }
    ],
    "actor": {
      "x": 759.64501953125,
      "y": 483.9749755859375,
      "width": 111.60003662109375,
      "height": 111.5999755859375,
      "top": 483.9749755859375,
      "right": 871.2450561523438,
      "bottom": 595.574951171875,
      "left": 759.64501953125
    },
    "hud": {
      "x": 1092,
      "y": 562.5,
      "width": 310,
      "height": 299.5,
      "top": 562.5,
      "right": 1402,
      "bottom": 862,
      "left": 1092
    },
    "overflow": false,
    "targets": [
      {
        "id": "harubareun",
        "disabled": "false",
        "rect": {
          "x": 376.0200500488281,
          "y": 218.92498779296875,
          "width": 502.1999816894531,
          "height": 348.74993896484375,
          "top": 218.92498779296875,
          "right": 878.2200317382812,
          "bottom": 567.6749267578125,
          "left": 376.0200500488281
        }
      },
      {
        "id": "project-02",
        "disabled": "true",
        "rect": {
          "x": 1498.9951171875,
          "y": 211.94998168945312,
          "width": 502.199951171875,
          "height": 348.7499694824219,
          "top": 211.94998168945312,
          "right": 2001.195068359375,
          "bottom": 560.699951171875,
          "left": 1498.9951171875
        }
      },
      {
        "id": "fitmate",
        "disabled": "true",
        "rect": {
          "x": 920.0700073242188,
          "y": 756,
          "width": 530.0999145507812,
          "height": 355.7249755859375,
          "top": 756,
          "right": 1450.169921875,
          "bottom": 1111.7249755859375,
          "left": 920.0700073242188
        }
      }
    ]
  },
  "mobileOverview": {
    "url": "http://localhost:3033/",
    "width": 390,
    "height": 844,
    "camera": "OVERVIEW",
    "focused": "false",
    "islands": [
      {
        "id": "harubareun",
        "status": "available",
        "loaded": true,
        "raster": {
          "x": -12.484375,
          "y": 290.890625,
          "width": 146.875,
          "height": 82.5625,
          "top": 290.890625,
          "right": 134.390625,
          "bottom": 373.453125,
          "left": -12.484375
        },
        "visibleArt": {
          "x": 12.683268229166668,
          "y": 294.1778356481482,
          "width": 96.46321614583333,
          "height": 75.91163194444444
        },
        "filter": "none",
        "opacity": "1",
        "label": {
          "x": 8.921875,
          "y": 232.578125,
          "width": 100.34375,
          "height": 50,
          "top": 232.578125,
          "right": 109.265625,
          "bottom": 282.578125,
          "left": 8.921875
        }
      },
      {
        "id": "project-02",
        "status": "locked",
        "loaded": true,
        "raster": {
          "x": 251.640625,
          "y": 286.46875,
          "width": 156.875,
          "height": 88.34375,
          "top": 286.46875,
          "right": 408.515625,
          "bottom": 374.8125,
          "left": 251.640625
        },
        "visibleArt": {
          "x": 277.8681640625,
          "y": 292.5219328703704,
          "width": 104.419921875,
          "height": 76.23738425925926
        },
        "filter": "none",
        "opacity": "1",
        "label": {
          "x": 286.9609375,
          "y": 233.921875,
          "width": 81.265625,
          "height": 47,
          "top": 233.921875,
          "right": 368.2265625,
          "bottom": 280.921875,
          "left": 286.9609375
        }
      },
      {
        "id": "fitmate",
        "status": "locked",
        "loaded": true,
        "raster": {
          "x": 117.296875,
          "y": 413.859375,
          "width": 162.359375,
          "height": 91.125,
          "top": 413.859375,
          "right": 279.65625,
          "bottom": 504.984375,
          "left": 117.296875
        },
        "visibleArt": {
          "x": 151.88280436197917,
          "y": 423.225,
          "width": 93.18751627604166,
          "height": 72.39375
        },
        "filter": "none",
        "opacity": "1",
        "label": {
          "x": 148.4921875,
          "y": 515.953125,
          "width": 93.015625,
          "height": 47,
          "top": 515.953125,
          "right": 241.5078125,
          "bottom": 562.953125,
          "left": 148.4921875
        }
      }
    ],
    "overflow": false,
    "targets": [
      {
        "id": "harubareun",
        "disabled": "false",
        "rect": {
          "x": 2.734375,
          "y": 285.890625,
          "width": 119.328125,
          "height": 82.859375,
          "top": 285.890625,
          "right": 122.0625,
          "bottom": 368.75,
          "left": 2.734375
        }
      },
      {
        "id": "project-02",
        "disabled": "true",
        "rect": {
          "x": 269.59375,
          "y": 284.234375,
          "width": 119.328125,
          "height": 82.859375,
          "top": 284.234375,
          "right": 388.921875,
          "bottom": 367.09375,
          "left": 269.59375
        }
      },
      {
        "id": "fitmate",
        "disabled": "true",
        "rect": {
          "x": 132.015625,
          "y": 413.515625,
          "width": 125.953125,
          "height": 84.515625,
          "top": 413.515625,
          "right": 257.96875,
          "bottom": 498.03125,
          "left": 132.015625
        }
      }
    ]
  },
  "invaderFocus": {
    "url": "http://localhost:3022/dev/invader-island",
    "width": 1440,
    "height": 900,
    "camera": "ITERATE_FOCUS",
    "focused": "true",
    "islands": [
      {
        "id": "harubareun",
        "status": "completed",
        "loaded": true,
        "raster": {
          "x": -618.302734375,
          "y": 239.94686889648438,
          "width": 618.086669921875,
          "height": 347.4421691894531,
          "top": 239.94686889648438,
          "right": -0.216064453125,
          "bottom": 587.3890380859375,
          "left": -618.302734375
        },
        "visibleArt": {
          "x": -512.3910081227621,
          "y": 253.78021452162,
          "width": 405.94129727681474,
          "height": 319.45377222696936
        },
        "filter": "none",
        "opacity": "0.15",
        "label": {
          "x": -453.03399658203125,
          "y": 146.64413452148438,
          "width": 271.9281005859375,
          "height": 116.66171264648438,
          "top": 146.64413452148438,
          "right": -181.10589599609375,
          "bottom": 263.30584716796875,
          "left": -453.03399658203125
        }
      },
      {
        "id": "project-02",
        "status": "active",
        "loaded": true,
        "raster": {
          "x": 493.24090576171875,
          "y": 221.34686279296875,
          "width": 660.1546020507812,
          "height": 371.78204345703125,
          "top": 221.34686279296875,
          "right": 1153.3955078125,
          "bottom": 593.12890625,
          "left": 493.24090576171875
        },
        "visibleArt": {
          "x": 603.6105032920838,
          "y": 246.820817622432,
          "width": 439.4154069900513,
          "height": 320.83413379810474
        },
        "filter": "drop-shadow(rgb(247, 244, 204) 0px 0px 5px)",
        "opacity": "1",
        "label": {
          "x": 716.4409790039062,
          "y": 143.85897827148438,
          "width": 192.8780517578125,
          "height": 108.28202819824219,
          "top": 143.85897827148438,
          "right": 909.3190307617188,
          "bottom": 252.14100646972656,
          "left": 716.4409790039062
        }
      },
      {
        "id": "fitmate",
        "status": "locked",
        "loaded": true,
        "raster": {
          "x": -72.12152099609375,
          "y": 757.453125,
          "width": 683.2593994140625,
          "height": 383.479736328125,
          "top": 757.453125,
          "right": 611.1378784179688,
          "bottom": 1140.932861328125,
          "left": -72.12152099609375
        },
        "visibleArt": {
          "x": 73.42696564992269,
          "y": 796.8663201226128,
          "width": 392.1624261220296,
          "height": 304.6533460828993
        },
        "filter": "none",
        "opacity": "0.15",
        "label": {
          "x": 134.3311767578125,
          "y": 687.908935546875,
          "width": 241.09771728515625,
          "height": 108.2821044921875,
          "top": 687.908935546875,
          "right": 375.42889404296875,
          "bottom": 796.1910400390625,
          "left": 134.3311767578125
        }
      }
    ],
    "actor": {
      "x": 659.4299926757812,
      "y": 386.3249816894531,
      "width": 111.5999755859375,
      "height": 111.60000610351562,
      "top": 386.3249816894531,
      "right": 771.0299682617188,
      "bottom": 497.92498779296875,
      "left": 659.4299926757812
    },
    "hud": {
      "x": 1092,
      "y": 562.5,
      "width": 310,
      "height": 299.5,
      "top": 562.5,
      "right": 1402,
      "bottom": 862,
      "left": 1092
    },
    "overflow": false,
    "targets": [
      {
        "id": "harubareun",
        "disabled": "false",
        "rect": {
          "x": -554.219970703125,
          "y": 218.92498779296875,
          "width": 502.20001220703125,
          "height": 348.74993896484375,
          "top": 218.92498779296875,
          "right": -52.01995849609375,
          "bottom": 567.6749267578125,
          "left": -554.219970703125
        }
      },
      {
        "id": "project-02",
        "disabled": "false",
        "rect": {
          "x": 568.7550659179688,
          "y": 211.94998168945312,
          "width": 502.20001220703125,
          "height": 348.7499694824219,
          "top": 211.94998168945312,
          "right": 1070.955078125,
          "bottom": 560.699951171875,
          "left": 568.7550659179688
        }
      },
      {
        "id": "fitmate",
        "disabled": "true",
        "rect": {
          "x": -10.16998291015625,
          "y": 756,
          "width": 530.0999755859375,
          "height": 355.7249755859375,
          "top": 756,
          "right": 519.9299926757812,
          "bottom": 1111.7249755859375,
          "left": -10.16998291015625
        }
      }
    ]
  },
  "fitmateFocus": {
    "url": "http://localhost:3022/dev/fitmate-island",
    "width": 1440,
    "height": 900,
    "camera": "UNDERSTAND_FOCUS",
    "focused": "true",
    "islands": [
      {
        "id": "harubareun",
        "status": "completed",
        "loaded": true,
        "raster": {
          "x": -153.1828155517578,
          "y": -198.2630615234375,
          "width": 618.086669921875,
          "height": 347.44219970703125,
          "top": -198.2630615234375,
          "right": 464.9038543701172,
          "bottom": 149.17913818359375,
          "left": -153.1828155517578
        },
        "visibleArt": {
          "x": -47.27108929951986,
          "y": -184.42971468325015,
          "width": 405.94129727681474,
          "height": 319.45380028618706
        },
        "filter": "none",
        "opacity": "0.15",
        "label": {
          "x": 12.0859375,
          "y": -291.5657958984375,
          "width": 271.9281005859375,
          "height": 116.66171264648438,
          "top": -291.5657958984375,
          "right": 284.0140380859375,
          "bottom": -174.90408325195312,
          "left": 12.0859375
        }
      },
      {
        "id": "project-02",
        "status": "completed",
        "loaded": true,
        "raster": {
          "x": 958.36083984375,
          "y": -216.86306762695312,
          "width": 660.1546630859375,
          "height": 371.7820129394531,
          "top": -216.86306762695312,
          "right": 1618.5155029296875,
          "bottom": 154.9189453125,
          "left": 958.36083984375
        },
        "visibleArt": {
          "x": 1068.7304475784301,
          "y": -191.3891148885091,
          "width": 439.4154476165772,
          "height": 320.8341074625651
        },
        "filter": "none",
        "opacity": "0.15",
        "label": {
          "x": 1181.5609130859375,
          "y": -294.3509521484375,
          "width": 192.8780517578125,
          "height": 108.28202819824219,
          "top": -294.3509521484375,
          "right": 1374.43896484375,
          "bottom": -186.0689239501953,
          "left": 1181.5609130859375
        }
      },
      {
        "id": "fitmate",
        "status": "active",
        "loaded": true,
        "raster": {
          "x": 392.9984130859375,
          "y": 319.2431640625,
          "width": 683.2593994140625,
          "height": 383.479736328125,
          "top": 319.2431640625,
          "right": 1076.2578125,
          "bottom": 702.722900390625,
          "left": 392.9984130859375
        },
        "visibleArt": {
          "x": 538.546899731954,
          "y": 358.6563591851128,
          "width": 392.1624261220296,
          "height": 304.6533460828993
        },
        "filter": "drop-shadow(rgb(247, 244, 204) 0px 0px 5px)",
        "opacity": "1",
        "label": {
          "x": 599.4511108398438,
          "y": 249.69903564453125,
          "width": 241.09771728515625,
          "height": 108.28204345703125,
          "top": 249.69903564453125,
          "right": 840.548828125,
          "bottom": 357.9810791015625,
          "left": 599.4511108398438
        }
      }
    ],
    "actor": {
      "x": 733.949951171875,
      "y": 513.0657958984375,
      "width": 111.5999755859375,
      "height": 111.5999755859375,
      "top": 513.0657958984375,
      "right": 845.5499267578125,
      "bottom": 624.665771484375,
      "left": 733.949951171875
    },
    "hud": {
      "x": 1092,
      "y": 562.5,
      "width": 310,
      "height": 299.5,
      "top": 562.5,
      "right": 1402,
      "bottom": 862,
      "left": 1092
    },
    "overflow": false,
    "targets": [
      {
        "id": "harubareun",
        "disabled": "false",
        "rect": {
          "x": -89.10000610351562,
          "y": -219.28494262695312,
          "width": 502.1999816894531,
          "height": 348.7499694824219,
          "top": -219.28494262695312,
          "right": 413.0999755859375,
          "bottom": 129.46502685546875,
          "left": -89.10000610351562
        }
      },
      {
        "id": "project-02",
        "disabled": "false",
        "rect": {
          "x": 1033.875,
          "y": -226.25994873046875,
          "width": 502.199951171875,
          "height": 348.75,
          "top": -226.25994873046875,
          "right": 1536.074951171875,
          "bottom": 122.49005126953125,
          "left": 1033.875
        }
      },
      {
        "id": "fitmate",
        "disabled": "false",
        "rect": {
          "x": 454.949951171875,
          "y": 317.7900390625,
          "width": 530.0999755859375,
          "height": 355.7249755859375,
          "top": 317.7900390625,
          "right": 985.0499267578125,
          "bottom": 673.5150146484375,
          "left": 454.949951171875
        }
      }
    ]
  },
  "exceptions": []
}
