
> sophie-portfolio@0.1.0 build
> next build --webpack

▲ Next.js 16.3.4 (webpack)
✓ Running next.config.ts took 39ms

  Creating an optimized production build ...
✓ Compiled successfully in 2.4s
  Running TypeScript ...
  Finished TypeScript in 2.1s ...
  Collecting page data using 7 workers ...
  Generating static pages using 7 workers (0/6) ...
  Generating static pages using 7 workers (1/6) 
  Generating static pages using 7 workers (2/6) 
  Generating static pages using 7 workers (4/6) 
✓ Generating static pages using 7 workers (6/6) in 888ms
  Finalizing page optimization ...
  Collecting build traces ...

Route (app)
┌ ○ /
├ ○ /_not-found
├ ○ /dev/chooni-motion
└ ○ /dev/invader-island


○  (Static)  prerendered as static content

