{
  "method": "Production Overview via normal Prologue flow. INVADER Focus via development-only isolated WorldScene fixture. No unlock-rule or app timer overrides.",
  "desktopOverview": {
    "url": "http://localhost:3024/",
    "width": 1440,
    "height": 900,
    "camera": "OVERVIEW",
    "focused": "false",
    "islands": [
      {
        "id": "harubareun",
        "status": "available",
        "loaded": true,
        "raster": {
          "x": -144,
          "y": -36,
          "width": 1728,
          "height": 972,
          "top": -36,
          "right": 1584,
          "bottom": 936,
          "left": -144
        },
        "visibleArt": {
          "x": 238.5,
          "y": 198,
          "width": 233.99999999999997,
          "height": 184.5
        },
        "filter": "none",
        "opacity": "1",
        "label": {
          "x": 263.28125,
          "y": 128.8671875,
          "width": 175.4375,
          "height": 75.265625,
          "top": 128.8671875,
          "right": 438.71875,
          "bottom": 204.1328125,
          "left": 263.28125
        }
      },
      {
        "id": "project-02",
        "status": "locked",
        "loaded": true,
        "raster": {
          "x": -144,
          "y": -36,
          "width": 1728,
          "height": 972,
          "top": -36,
          "right": 1584,
          "bottom": 936,
          "left": -144
        },
        "visibleArt": {
          "x": 960.3,
          "y": 193.5,
          "width": 252.9,
          "height": 184.5
        },
        "filter": "none",
        "opacity": "1",
        "label": {
          "x": 1017.78125,
          "y": 127.0703125,
          "width": 124.4375,
          "height": 69.859375,
          "top": 127.0703125,
          "right": 1142.21875,
          "bottom": 196.9296875,
          "left": 1017.78125
        }
      },
      {
        "id": "fitmate",
        "visibleArt": null,
        "filter": null,
        "opacity": null,
        "label": {
          "x": 642.2265625,
          "y": 478.0703125,
          "width": 155.546875,
          "height": 69.859375,
          "top": 478.0703125,
          "right": 797.7734375,
          "bottom": 547.9296875,
          "left": 642.2265625
        }
      }
    ],
    "actor": {
      "x": 684,
      "y": 396,
      "width": 72,
      "height": 72,
      "top": 396,
      "right": 756,
      "bottom": 468,
      "left": 684
    },
    "overflow": false,
    "targets": [
      {
        "id": "harubareun",
        "disabled": "false",
        "rect": {
          "x": 198,
          "y": 175.5,
          "width": 324,
          "height": 225,
          "top": 175.5,
          "right": 522,
          "bottom": 400.5,
          "left": 198
        }
      },
      {
        "id": "project-02",
        "disabled": "true",
        "rect": {
          "x": 922.5,
          "y": 171,
          "width": 324,
          "height": 225,
          "top": 171,
          "right": 1246.5,
          "bottom": 396,
          "left": 922.5
        }
      },
      {
        "id": "fitmate",
        "disabled": "true",
        "rect": {
          "x": 549,
          "y": 522,
          "width": 342,
          "height": 229.5,
          "top": 522,
          "right": 891,
          "bottom": 751.5,
          "left": 549
        }
      }
    ]
  },
  "buildHover": {
    "url": "http://localhost:3024/",
    "width": 1440,
    "height": 900,
    "camera": "OVERVIEW",
    "focused": "false",
    "islands": [
      {
        "id": "harubareun",
        "status": "available",
        "loaded": true,
        "raster": {
          "x": -144,
          "y": -36,
          "width": 1728,
          "height": 972,
          "top": -36,
          "right": 1584,
          "bottom": 936,
          "left": -144
        },
        "visibleArt": {
          "x": 238.5,
          "y": 198,
          "width": 233.99999999999997,
          "height": 184.5
        },
        "filter": "drop-shadow(rgb(255, 248, 212) 0px 0px 4px)",
        "opacity": "1",
        "label": {
          "x": 263.28125,
          "y": 128.8671875,
          "width": 175.4375,
          "height": 75.265625,
          "top": 128.8671875,
          "right": 438.71875,
          "bottom": 204.1328125,
          "left": 263.28125
        }
      },
      {
        "id": "project-02",
        "status": "locked",
        "loaded": true,
        "raster": {
          "x": -144,
          "y": -36,
          "width": 1728,
          "height": 972,
          "top": -36,
          "right": 1584,
          "bottom": 936,
          "left": -144
        },
        "visibleArt": {
          "x": 960.3,
          "y": 193.5,
          "width": 252.9,
          "height": 184.5
        },
        "filter": "none",
        "opacity": "1",
        "label": {
          "x": 1017.78125,
          "y": 127.0703125,
          "width": 124.4375,
          "height": 69.859375,
          "top": 127.0703125,
          "right": 1142.21875,
          "bottom": 196.9296875,
          "left": 1017.78125
        }
      },
      {
        "id": "fitmate",
        "visibleArt": null,
        "filter": null,
        "opacity": null,
        "label": {
          "x": 642.2265625,
          "y": 478.0703125,
          "width": 155.546875,
          "height": 69.859375,
          "top": 478.0703125,
          "right": 797.7734375,
          "bottom": 547.9296875,
          "left": 642.2265625
        }
      }
    ],
    "actor": {
      "x": 684,
      "y": 396,
      "width": 72,
      "height": 72,
      "top": 396,
      "right": 756,
      "bottom": 468,
      "left": 684
    },
    "overflow": false,
    "targets": [
      {
        "id": "harubareun",
        "disabled": "false",
        "rect": {
          "x": 198,
          "y": 175.5,
          "width": 324,
          "height": 225,
          "top": 175.5,
          "right": 522,
          "bottom": 400.5,
          "left": 198
        }
      },
      {
        "id": "project-02",
        "disabled": "true",
        "rect": {
          "x": 922.5,
          "y": 171,
          "width": 324,
          "height": 225,
          "top": 171,
          "right": 1246.5,
          "bottom": 396,
          "left": 922.5
        }
      },
      {
        "id": "fitmate",
        "disabled": "true",
        "rect": {
          "x": 549,
          "y": 522,
          "width": 342,
          "height": 229.5,
          "top": 522,
          "right": 891,
          "bottom": 751.5,
          "left": 549
        }
      }
    ]
  },
  "mobileOverview": {
    "url": "http://localhost:3024/",
    "width": 390,
    "height": 844,
    "camera": "OVERVIEW",
    "focused": "false",
    "islands": [
      {
        "id": "harubareun",
        "status": "available",
        "loaded": true,
        "raster": {
          "x": -123.21875,
          "y": 208,
          "width": 636.46875,
          "height": 358,
          "top": 208,
          "right": 513.25,
          "bottom": 566,
          "left": -123.21875
        },
        "visibleArt": {
          "x": 17.666259765625,
          "y": 294.18518518518516,
          "width": 86.1884765625,
          "height": 67.95370370370371
        },
        "filter": "none",
        "opacity": "1",
        "label": {
          "x": 8.921875,
          "y": 232.578125,
          "width": 100.34375,
          "height": 50,
          "top": 232.578125,
          "right": 109.265625,
          "bottom": 282.578125,
          "left": 8.921875
        }
      },
      {
        "id": "project-02",
        "status": "locked",
        "loaded": true,
        "raster": {
          "x": -123.21875,
          "y": 208,
          "width": 636.46875,
          "height": 358,
          "top": 208,
          "right": 513.25,
          "bottom": 566,
          "left": -123.21875
        },
        "visibleArt": {
          "x": 283.52456054687497,
          "y": 292.52777777777777,
          "width": 93.14985351562501,
          "height": 67.95370370370371
        },
        "filter": "none",
        "opacity": "1",
        "label": {
          "x": 286.9609375,
          "y": 233.921875,
          "width": 81.265625,
          "height": 47,
          "top": 233.921875,
          "right": 368.2265625,
          "bottom": 280.921875,
          "left": 286.9609375
        }
      },
      {
        "id": "fitmate",
        "visibleArt": null,
        "filter": null,
        "opacity": null,
        "label": {
          "x": 148.4921875,
          "y": 483.0531311035156,
          "width": 93.015625,
          "height": 46.999969482421875,
          "top": 483.0531311035156,
          "right": 241.5078125,
          "bottom": 530.0531005859375,
          "left": 148.4921875
        }
      }
    ],
    "actor": {
      "x": 181.7421875,
      "y": 367.1015625,
      "width": 26.515625,
      "height": 26.515625,
      "top": 367.1015625,
      "right": 208.2578125,
      "bottom": 393.6171875,
      "left": 181.7421875
    },
    "overflow": false,
    "targets": [
      {
        "id": "harubareun",
        "disabled": "false",
        "rect": {
          "x": 2.734375,
          "y": 285.890625,
          "width": 119.328125,
          "height": 82.859375,
          "top": 285.890625,
          "right": 122.0625,
          "bottom": 368.75,
          "left": 2.734375
        }
      },
      {
        "id": "project-02",
        "disabled": "true",
        "rect": {
          "x": 269.59375,
          "y": 284.234375,
          "width": 119.328125,
          "height": 82.859375,
          "top": 284.234375,
          "right": 388.921875,
          "bottom": 367.09375,
          "left": 269.59375
        }
      },
      {
        "id": "fitmate",
        "disabled": "true",
        "rect": {
          "x": 132.015625,
          "y": 413.515625,
          "width": 125.953125,
          "height": 84.515625,
          "top": 413.515625,
          "right": 257.96875,
          "bottom": 498.03125,
          "left": 132.015625
        }
      }
    ]
  },
  "desktopInvaderFocus": {
    "url": "http://localhost:3022/dev/invader-island",
    "width": 1440,
    "height": 900,
    "camera": "ITERATE_FOCUS",
    "focused": "true",
    "islands": [
      {
        "id": "harubareun",
        "status": "completed",
        "loaded": true,
        "raster": {
          "x": -1084.3199462890625,
          "y": -108.9000015258789,
          "width": 2678.39990234375,
          "height": 1506.5999755859375,
          "top": -108.9000015258789,
          "right": 1594.0799560546875,
          "bottom": 1397.6999740600586,
          "left": -1084.3199462890625
        },
        "visibleArt": {
          "x": -491.4449679056804,
          "y": 253.79999259666158,
          "width": 362.6999867757161,
          "height": 285.9749953658493
        },
        "filter": "none",
        "opacity": "0.15",
        "label": {
          "x": -453.03399658203125,
          "y": 146.64413452148438,
          "width": 271.9281005859375,
          "height": 116.66171264648438,
          "top": 146.64413452148438,
          "right": -181.10589599609375,
          "bottom": 263.30584716796875,
          "left": -453.03399658203125
        }
      },
      {
        "id": "project-02",
        "status": "active",
        "loaded": true,
        "raster": {
          "x": -1084.3199462890625,
          "y": -108.9000015258789,
          "width": 2678.39990234375,
          "height": 1506.5999755859375,
          "top": -108.9000015258789,
          "right": 1594.0799560546875,
          "bottom": 1397.6999740600586,
          "left": -1084.3199462890625
        },
        "visibleArt": {
          "x": 627.3449913024901,
          "y": 246.82499270968964,
          "width": 391.9949857076009,
          "height": 285.9749953658493
        },
        "filter": "drop-shadow(rgb(247, 244, 204) 0px 0px 5px)",
        "opacity": "1",
        "label": {
          "x": 716.4409790039062,
          "y": 143.85897827148438,
          "width": 192.8780517578125,
          "height": 108.28202819824219,
          "top": 143.85897827148438,
          "right": 909.3190307617188,
          "bottom": 252.14100646972656,
          "left": 716.4409790039062
        }
      },
      {
        "id": "fitmate",
        "visibleArt": null,
        "filter": null,
        "opacity": null,
        "label": {
          "x": 134.3311767578125,
          "y": 687.908935546875,
          "width": 241.09771728515625,
          "height": 108.2821044921875,
          "top": 687.908935546875,
          "right": 375.42889404296875,
          "bottom": 796.1910400390625,
          "left": 134.3311767578125
        }
      }
    ],
    "actor": {
      "x": 526.9049682617188,
      "y": 483.9749755859375,
      "width": 111.60009765625,
      "height": 111.5999755859375,
      "top": 483.9749755859375,
      "right": 638.5050659179688,
      "bottom": 595.574951171875,
      "left": 526.9049682617188
    },
    "hud": {
      "x": 1092,
      "y": 562.5,
      "width": 310,
      "height": 299.5,
      "top": 562.5,
      "right": 1402,
      "bottom": 862,
      "left": 1092
    },
    "overflow": false,
    "targets": [
      {
        "id": "harubareun",
        "disabled": "false",
        "rect": {
          "x": -554.219970703125,
          "y": 218.92498779296875,
          "width": 502.20001220703125,
          "height": 348.74993896484375,
          "top": 218.92498779296875,
          "right": -52.01995849609375,
          "bottom": 567.6749267578125,
          "left": -554.219970703125
        }
      },
      {
        "id": "project-02",
        "disabled": "false",
        "rect": {
          "x": 568.7550659179688,
          "y": 211.94998168945312,
          "width": 502.20001220703125,
          "height": 348.7499694824219,
          "top": 211.94998168945312,
          "right": 1070.955078125,
          "bottom": 560.699951171875,
          "left": 568.7550659179688
        }
      },
      {
        "id": "fitmate",
        "disabled": "true",
        "rect": {
          "x": -10.16998291015625,
          "y": 756,
          "width": 530.0999755859375,
          "height": 355.7249755859375,
          "top": 756,
          "right": 519.9299926757812,
          "bottom": 1111.7249755859375,
          "left": -10.16998291015625
        }
      }
    ]
  },
  "focusOutline": {
    "style": "dashed",
    "width": "2px"
  },
  "productionFixtureStatus": 404,
  "exceptions": []
}
